
> izumi-studio@0.1.0 dev
> vite --host 0.0.0.0


  [32m[1mVITE[22m v6.4.2[39m  [2mready in [0m[1m705[22m[2m[0m ms[22m

  [32m➜[39m  [1mLocal[22m:   [36mhttp://localhost:[1m5173[22m/[39m
  [32m➜[39m  [1mNetwork[22m: [36mhttp://192.168.1.3:[1m5173[22m/[39m
  [32m➜[39m  [1mNetwork[22m: [36mhttp://192.168.16.1:[1m5173[22m/[39m
  [32m➜[39m  [1mNetwork[22m: [36mhttp://192.168.37.1:[1m5173[22m/[39m
[2m00:44:06[22m [36m[1m[vite][22m[39m [32mvite.config.ts changed, restarting server...[39m
[2m00:44:06[22m [36m[1m[vite][22m[39m [32mvite.config.ts changed, restarting server...[39m
[2m00:44:06[22m [36m[1m[vite][22m[39m server restarted.

  [32m➜[39m  [1mLocal[22m:   [36mhttp://localhost:[1m5173[22m/[39m
  [32m➜[39m  [1mNetwork[22m: [36mhttp://192.168.1.3:[1m5173[22m/[39m
  [32m➜[39m  [1mNetwork[22m: [36mhttp://192.168.16.1:[1m5173[22m/[39m
  [32m➜[39m  [1mNetwork[22m: [36mhttp://192.168.37.1:[1m5173[22m/[39m
  [32m➜[39m  [1mNetwork[22m: [36mhttp://172.24.96.1:[1m5173[22m/[39m

  [32m➜[39m  [1mLocal[22m:   [36mhttp://localhost:[1m5173[22m/[39m
  [32m➜[39m  [1mNetwork[22m: [36mhttp://192.168.1.3:[1m5173[22m/[39m
  [32m➜[39m  [1mNetwork[22m: [36mhttp://192.168.16.1:[1m5173[22m/[39m
  [32m➜[39m  [1mNetwork[22m: [36mhttp://192.168.37.1:[1m5173[22m/[39m
  [32m➜[39m  [1mNetwork[22m: [36mhttp://172.24.96.1:[1m5173[22m/[39m
[2m01:07:41[22m [36m[1m[vite][22m[39m [90m[2m(client)[22m[39m [32mhmr update [39m[2m/src/components/MemoryPanel.tsx, /src/index.css[22m
[2m01:30:32[22m [36m[1m[vite][22m[39m [90m[2m(client)[22m[39m [32mpage reload [39m[2mtailwind.config.js[22m
[2m01:30:37[22m [36m[1m[vite][22m[39m [90m[2m(client)[22m[39m [32mpage reload [39m[2msrc/main.tsx[22m
[2m01:30:43[22m [36m[1m[vite][22m[39m [90m[2m(client)[22m[39m [32mhmr update [39m[2m/src/index.css[22m
[2m01:30:47[22m [36m[1m[vite][22m[39m [90m[2m(client)[22m[39m [32mhmr update [39m[2m/src/index.css[22m
[2m01:31:00[22m [36m[1m[vite][22m[39m [90m[2m(client)[22m[39m [32mhmr update [39m[2m/src/pages/ChatPage.tsx, /src/index.css[22m
[2m01:31:04[22m [36m[1m[vite][22m[39m [90m[2m(client)[22m[39m [32mhmr update [39m[2m/src/pages/ChatPage.tsx, /src/index.css[22m
[2m01:31:10[22m [36m[1m[vite][22m[39m [90m[2m(client)[22m[39m [32mhmr update [39m[2m/src/pages/ChatPage.tsx, /src/index.css[22m
[2m01:31:19[22m [36m[1m[vite][22m[39m [90m[2m(client)[22m[39m [32mhmr update [39m[2m/src/pages/ChatPage.tsx, /src/index.css[22m
[2m01:31:24[22m [36m[1m[vite][22m[39m [90m[2m(client)[22m[39m [32mhmr update [39m[2m/src/pages/ChatPage.tsx, /src/index.css[22m
[2m01:31:33[22m [36m[1m[vite][22m[39m [90m[2m(client)[22m[39m [32mhmr update [39m[2m/src/pages/ChatPage.tsx, /src/index.css[22m
[2m01:31:40[22m [36m[1m[vite][22m[39m [90m[2m(client)[22m[39m [32mhmr update [39m[2m/src/pages/ChatPage.tsx, /src/index.css[22m
[2m01:31:44[22m [36m[1m[vite][22m[39m [90m[2m(client)[22m[39m [32mhmr update [39m[2m/src/pages/ChatPage.tsx, /src/index.css[22m
[2m01:31:50[22m [36m[1m[vite][22m[39m [90m[2m(client)[22m[39m [32mhmr update [39m[2m/src/pages/ChatPage.tsx, /src/index.css[22m
[2m01:31:54[22m [36m[1m[vite][22m[39m [90m[2m(client)[22m[39m [32mhmr update [39m[2m/src/pages/ChatPage.tsx, /src/index.css[22m
[2m01:31:59[22m [36m[1m[vite][22m[39m [90m[2m(client)[22m[39m [32mhmr update [39m[2m/src/pages/ChatPage.tsx, /src/index.css[22m
[2m01:32:11[22m [36m[1m[vite][22m[39m [90m[2m(client)[22m[39m [32mhmr update [39m[2m/src/pages/ChatPage.tsx, /src/index.css[22m
[2m01:32:16[22m [36m[1m[vite][22m[39m [90m[2m(client)[22m[39m [32mhmr update [39m[2m/src/pages/ChatPage.tsx, /src/index.css[22m
[2m01:32:21[22m [36m[1m[vite][22m[39m [90m[2m(client)[22m[39m [32mhmr update [39m[2m/src/pages/ChatPage.tsx, /src/index.css[22m
[2m01:32:25[22m [36m[1m[vite][22m[39m [90m[2m(client)[22m[39m [32mhmr update [39m[2m/src/pages/ChatPage.tsx, /src/index.css[22m
[2m01:32:31[22m [36m[1m[vite][22m[39m [90m[2m(client)[22m[39m [32mhmr update [39m[2m/src/pages/ChatPage.tsx, /src/index.css[22m
[2m01:32:39[22m [36m[1m[vite][22m[39m [90m[2m(client)[22m[39m [32mhmr update [39m[2m/src/pages/CardGalleryPage.tsx, /src/index.css[22m
[2m01:32:44[22m [36m[1m[vite][22m[39m [90m[2m(client)[22m[39m [32mhmr update [39m[2m/src/pages/CardGalleryPage.tsx, /src/index.css[22m
[2m01:32:48[22m [36m[1m[vite][22m[39m [90m[2m(client)[22m[39m [32mhmr update [39m[2m/src/pages/CardGalleryPage.tsx, /src/index.css[22m
[2m01:32:53[22m [36m[1m[vite][22m[39m [90m[2m(client)[22m[39m [32mhmr update [39m[2m/src/pages/CardGalleryPage.tsx, /src/index.css[22m
[2m01:32:58[22m [36m[1m[vite][22m[39m [90m[2m(client)[22m[39m [32mhmr update [39m[2m/src/pages/CardGalleryPage.tsx, /src/index.css[22m
[2m01:33:03[22m [36m[1m[vite][22m[39m [90m[2m(client)[22m[39m [32mhmr update [39m[2m/src/pages/CardGalleryPage.tsx, /src/index.css[22m
[2m01:33:07[22m [36m[1m[vite][22m[39m [90m[2m(client)[22m[39m [32mhmr update [39m[2m/src/pages/CardGalleryPage.tsx, /src/index.css[22m
[2m01:33:12[22m [36m[1m[vite][22m[39m [90m[2m(client)[22m[39m [32mhmr update [39m[2m/src/pages/CardGalleryPage.tsx, /src/index.css[22m
[2m01:33:23[22m [36m[1m[vite][22m[39m [90m[2m(client)[22m[39m [32mhmr update [39m[2m/src/components/MemoryPanel.tsx, /src/index.css[22m
[2m01:33:28[22m [36m[1m[vite][22m[39m [90m[2m(client)[22m[39m [32mhmr update [39m[2m/src/components/MemoryPanel.tsx, /src/index.css[22m
[2m01:33:39[22m [36m[1m[vite][22m[39m [90m[2m(client)[22m[39m [32mhmr update [39m[2m/src/components/MemoryPanel.tsx, /src/index.css[22m
[2m01:33:43[22m [36m[1m[vite][22m[39m [90m[2m(client)[22m[39m [32mhmr update [39m[2m/src/components/MemoryPanel.tsx, /src/index.css[22m
[2m01:33:51[22m [36m[1m[vite][22m[39m [90m[2m(client)[22m[39m [32mhmr update [39m[2m/src/components/MemoryPanel.tsx, /src/index.css[22m
[2m01:34:11[22m [36m[1m[vite][22m[39m [90m[2m(client)[22m[39m [32mhmr update [39m[2m/src/pages/CardDetailPage.tsx, /src/index.css[22m
[2m01:34:15[22m [36m[1m[vite][22m[39m [90m[2m(client)[22m[39m [32mhmr update [39m[2m/src/pages/CardDetailPage.tsx, /src/index.css[22m
[2m01:34:47[22m [36m[1m[vite][22m[39m [90m[2m(client)[22m[39m [32mhmr update [39m[2m/src/pages/ImportPage.tsx, /src/index.css[22m
[2m01:34:51[22m [36m[1m[vite][22m[39m [90m[2m(client)[22m[39m [32mhmr update [39m[2m/src/pages/ImportPage.tsx, /src/index.css[22m
[2m01:34:55[22m [36m[1m[vite][22m[39m [90m[2m(client)[22m[39m [32mhmr update [39m[2m/src/pages/ImportPage.tsx, /src/index.css[22m
[2m01:34:59[22m [36m[1m[vite][22m[39m [90m[2m(client)[22m[39m [32mhmr update [39m[2m/src/pages/ImportPage.tsx, /src/index.css[22m
[2m01:35:04[22m [36m[1m[vite][22m[39m [90m[2m(client)[22m[39m [32mhmr update [39m[2m/src/pages/ImportPage.tsx, /src/index.css[22m
[2m01:35:07[22m [36m[1m[vite][22m[39m [90m[2m(client)[22m[39m [32mhmr update [39m[2m/src/pages/ImportPage.tsx, /src/index.css[22m
[2m01:35:13[22m [36m[1m[vite][22m[39m [90m[2m(client)[22m[39m [32mhmr update [39m[2m/src/pages/ImportPage.tsx, /src/index.css[22m
[2m01:35:20[22m [36m[1m[vite][22m[39m [90m[2m(client)[22m[39m [32mhmr update [39m[2m/src/pages/ImportPage.tsx, /src/index.css[22m
[2m01:35:25[22m [36m[1m[vite][22m[39m [90m[2m(client)[22m[39m [32mhmr update [39m[2m/src/pages/ImportPage.tsx, /src/index.css[22m
[2m01:35:29[22m [36m[1m[vite][22m[39m [90m[2m(client)[22m[39m [32mhmr update [39m[2m/src/pages/SettingsPage.tsx, /src/index.css[22m
[2m01:35:38[22m [36m[1m[vite][22m[39m [90m[2m(client)[22m[39m [32mhmr update [39m[2m/src/pages/SettingsPage.tsx, /src/index.css[22m
[2m01:35:42[22m [36m[1m[vite][22m[39m [90m[2m(client)[22m[39m [32mhmr update [39m[2m/src/pages/SettingsPage.tsx, /src/index.css[22m
[2m01:35:46[22m [36m[1m[vite][22m[39m [90m[2m(client)[22m[39m [32mhmr update [39m[2m/src/pages/SettingsPage.tsx, /src/index.css[22m
[2m01:35:50[22m [36m[1m[vite][22m[39m [90m[2m(client)[22m[39m [32mhmr update [39m[2m/src/pages/SettingsPage.tsx, /src/index.css[22m
[2m01:35:54[22m [36m[1m[vite][22m[39m [90m[2m(client)[22m[39m [32mhmr update [39m[2m/src/pages/SettingsPage.tsx, /src/index.css[22m
[2m01:35:58[22m [36m[1m[vite][22m[39m [90m[2m(client)[22m[39m [32mhmr update [39m[2m/src/pages/SettingsPage.tsx, /src/index.css[22m
[2m01:36:02[22m [36m[1m[vite][22m[39m [90m[2m(client)[22m[39m [32mhmr update [39m[2m/src/pages/SettingsPage.tsx, /src/index.css[22m
[2m01:36:06[22m [36m[1m[vite][22m[39m [90m[2m(client)[22m[39m [32mhmr update [39m[2m/src/pages/PresetsPage.tsx, /src/index.css[22m
[2m01:36:10[22m [36m[1m[vite][22m[39m [90m[2m(client)[22m[39m [32mhmr update [39m[2m/src/pages/PresetsPage.tsx, /src/index.css[22m
[2m01:36:15[22m [36m[1m[vite][22m[39m [90m[2m(client)[22m[39m [32mhmr update [39m[2m/src/pages/PresetsPage.tsx, /src/index.css[22m
[2m01:36:19[22m [36m[1m[vite][22m[39m [90m[2m(client)[22m[39m [32mhmr update [39m[2m/src/pages/PresetsPage.tsx, /src/index.css[22m
[2m01:36:23[22m [36m[1m[vite][22m[39m [90m[2m(client)[22m[39m [32mhmr update [39m[2m/src/pages/PresetsPage.tsx, /src/index.css[22m
[2m01:36:27[22m [36m[1m[vite][22m[39m [90m[2m(client)[22m[39m [32mhmr update [39m[2m/src/pages/PresetsPage.tsx, /src/index.css[22m
[2m01:36:31[22m [36m[1m[vite][22m[39m [90m[2m(client)[22m[39m [32mhmr update [39m[2m/src/pages/PresetsPage.tsx, /src/index.css[22m
[2m01:36:35[22m [36m[1m[vite][22m[39m [90m[2m(client)[22m[39m [32mhmr update [39m[2m/src/pages/PresetsPage.tsx, /src/index.css[22m
[2m01:36:40[22m [36m[1m[vite][22m[39m [90m[2m(client)[22m[39m [32mhmr update [39m[2m/src/pages/PresetsPage.tsx, /src/index.css[22m
[2m01:36:44[22m [36m[1m[vite][22m[39m [90m[2m(client)[22m[39m [32mhmr update [39m[2m/src/pages/PresetsPage.tsx, /src/index.css[22m
[2m01:36:54[22m [36m[1m[vite][22m[39m [90m[2m(client)[22m[39m [32mhmr update [39m[2m/src/pages/PresetsPage.tsx, /src/index.css[22m
[2m01:36:59[22m [36m[1m[vite][22m[39m [90m[2m(client)[22m[39m [32mhmr update [39m[2m/src/pages/PresetsPage.tsx, /src/index.css[22m
[2m01:37:02[22m [36m[1m[vite][22m[39m [90m[2m(client)[22m[39m [32mhmr update [39m[2m/src/pages/WorldbooksPage.tsx, /src/index.css[22m
[2m01:37:06[22m [36m[1m[vite][22m[39m [90m[2m(client)[22m[39m [32mhmr update [39m[2m/src/pages/WorldbooksPage.tsx, /src/index.css[22m
[2m01:37:10[22m [36m[1m[vite][22m[39m [90m[2m(client)[22m[39m [32mhmr update [39m[2m/src/pages/WorldbooksPage.tsx, /src/index.css[22m
[2m01:37:14[22m [36m[1m[vite][22m[39m [90m[2m(client)[22m[39m [32mhmr update [39m[2m/src/pages/WorldbooksPage.tsx, /src/index.css[22m
[2m01:37:18[22m [36m[1m[vite][22m[39m [90m[2m(client)[22m[39m [32mhmr update [39m[2m/src/pages/WorldbooksPage.tsx, /src/index.css[22m
[2m01:37:22[22m [36m[1m[vite][22m[39m [90m[2m(client)[22m[39m [32mhmr update [39m[2m/src/pages/WorldbooksPage.tsx, /src/index.css[22m
[2m01:37:25[22m [36m[1m[vite][22m[39m [90m[2m(client)[22m[39m [32mhmr update [39m[2m/src/pages/WorldbooksPage.tsx, /src/index.css[22m
[2m01:37:29[22m [36m[1m[vite][22m[39m [90m[2m(client)[22m[39m [32mhmr update [39m[2m/src/pages/WorldbooksPage.tsx, /src/index.css[22m
[2m01:37:33[22m [36m[1m[vite][22m[39m [90m[2m(client)[22m[39m [32mhmr update [39m[2m/src/pages/WorldbooksPage.tsx, /src/index.css[22m
[2m01:37:37[22m [36m[1m[vite][22m[39m [90m[2m(client)[22m[39m [32mhmr update [39m[2m/src/pages/WorldbooksPage.tsx, /src/index.css[22m
[2m01:37:42[22m [36m[1m[vite][22m[39m [90m[2m(client)[22m[39m [32mhmr update [39m[2m/src/pages/CardDetailPage.tsx, /src/index.css[22m
[2m01:37:49[22m [36m[1m[vite][22m[39m [90m[2m(client)[22m[39m [32mhmr update [39m[2m/src/pages/CardDetailPage.tsx, /src/index.css[22m
[2m01:37:53[22m [36m[1m[vite][22m[39m [90m[2m(client)[22m[39m [32mhmr update [39m[2m/src/pages/CardDetailPage.tsx, /src/index.css[22m
[2m01:37:57[22m [36m[1m[vite][22m[39m [90m[2m(client)[22m[39m [32mhmr update [39m[2m/src/pages/CardDetailPage.tsx, /src/index.css[22m
[2m01:38:05[22m [36m[1m[vite][22m[39m [90m[2m(client)[22m[39m [32mhmr update [39m[2m/src/pages/CardDetailPage.tsx, /src/index.css[22m
[2m01:38:10[22m [36m[1m[vite][22m[39m [90m[2m(client)[22m[39m [32mhmr update [39m[2m/src/pages/CardDetailPage.tsx, /src/index.css[22m
[2m01:38:14[22m [36m[1m[vite][22m[39m [90m[2m(client)[22m[39m [32mhmr update [39m[2m/src/pages/CardDetailPage.tsx, /src/index.css[22m
[2m01:38:18[22m [36m[1m[vite][22m[39m [90m[2m(client)[22m[39m [32mhmr update [39m[2m/src/pages/CardDetailPage.tsx, /src/index.css[22m
[2m01:38:22[22m [36m[1m[vite][22m[39m [90m[2m(client)[22m[39m [32mhmr update [39m[2m/src/components/CharacterRegistryModal.tsx, /src/index.css[22m
[2m01:38:27[22m [36m[1m[vite][22m[39m [90m[2m(client)[22m[39m [32mhmr update [39m[2m/src/components/CharacterRegistryModal.tsx, /src/index.css[22m
[2m01:38:37[22m [36m[1m[vite][22m[39m [90m[2m(client)[22m[39m [32mhmr update [39m[2m/src/components/CharacterRegistryModal.tsx, /src/index.css[22m
[2m01:38:41[22m [36m[1m[vite][22m[39m [90m[2m(client)[22m[39m [32mhmr update [39m[2m/src/components/CharacterRegistryModal.tsx, /src/index.css[22m
[2m01:38:45[22m [36m[1m[vite][22m[39m [90m[2m(client)[22m[39m [32mhmr update [39m[2m/src/components/CharacterRegistryModal.tsx, /src/index.css[22m
[2m01:38:48[22m [36m[1m[vite][22m[39m [90m[2m(client)[22m[39m [32mhmr update [39m[2m/src/components/CharacterRegistryModal.tsx, /src/index.css[22m
[2m01:38:52[22m [36m[1m[vite][22m[39m [90m[2m(client)[22m[39m [32mhmr update [39m[2m/src/components/CharacterRegistryModal.tsx, /src/index.css[22m
[2m01:38:56[22m [36m[1m[vite][22m[39m [90m[2m(client)[22m[39m [32mhmr update [39m[2m/src/components/CharacterRegistryModal.tsx, /src/index.css[22m
[2m01:39:00[22m [36m[1m[vite][22m[39m [90m[2m(client)[22m[39m [32mhmr update [39m[2m/src/components/CharacterRegistryModal.tsx, /src/index.css[22m
[2m01:39:03[22m [36m[1m[vite][22m[39m [90m[2m(client)[22m[39m [32mhmr update [39m[2m/src/components/CharacterRegistryModal.tsx, /src/index.css[22m
[2m01:39:07[22m [36m[1m[vite][22m[39m [90m[2m(client)[22m[39m [32mhmr update [39m[2m/src/components/CharacterRegistryModal.tsx, /src/index.css[22m
[2m01:39:23[22m [36m[1m[vite][22m[39m [90m[2m(client)[22m[39m [32mhmr update [39m[2m/src/components/CharacterRegistryModal.tsx, /src/index.css[22m
[2m01:39:33[22m [36m[1m[vite][22m[39m [90m[2m(client)[22m[39m [32mhmr update [39m[2m/src/App.tsx, /src/index.css[22m
[2m01:40:51[22m [36m[1m[vite][22m[39m [90m[2m(client)[22m[39m [32mpage reload [39m[2msrc/components/CharacterRegistryPanel.tsx[22m
[2m01:40:59[22m [36m[1m[vite][22m[39m [90m[2m(client)[22m[39m [32mpage reload [39m[2msrc/components/CharacterRegistryPanel.tsx[22m
[2m01:41:03[22m [36m[1m[vite][22m[39m [90m[2m(client)[22m[39m [32mpage reload [39m[2msrc/components/CharacterRegistryPanel.tsx[22m
[2m01:41:07[22m [36m[1m[vite][22m[39m [90m[2m(client)[22m[39m [32mpage reload [39m[2msrc/components/CharacterRegistryPanel.tsx[22m
[2m01:41:10[22m [36m[1m[vite][22m[39m [90m[2m(client)[22m[39m [32mpage reload [39m[2msrc/components/CharacterRegistryPanel.tsx[22m
[2m01:41:13[22m [36m[1m[vite][22m[39m [90m[2m(client)[22m[39m [32mpage reload [39m[2msrc/components/CharacterRegistryPanel.tsx[22m
[2m01:41:16[22m [36m[1m[vite][22m[39m [90m[2m(client)[22m[39m [32mpage reload [39m[2msrc/components/CharacterRegistryPanel.tsx[22m
[2m01:41:20[22m [36m[1m[vite][22m[39m [90m[2m(client)[22m[39m [32mpage reload [39m[2msrc/components/CharacterRegistryPanel.tsx[22m
[2m01:41:31[22m [36m[1m[vite][22m[39m [90m[2m(client)[22m[39m [32mpage reload [39m[2msrc/components/CharacterRegistryPanel.tsx[22m
[2m01:41:41[22m [36m[1m[vite][22m[39m [90m[2m(client)[22m[39m [32mhmr update [39m[2m/src/pages/PresetsPage.tsx, /src/index.css[22m
[2m01:41:49[22m [36m[1m[vite][22m[39m [90m[2m(client)[22m[39m [32mhmr update [39m[2m/src/pages/SettingsPage.tsx, /src/index.css[22m
[2m01:41:55[22m [36m[1m[vite][22m[39m [90m[2m(client)[22m[39m [32mhmr update [39m[2m/src/pages/CardDetailPage.tsx, /src/index.css[22m
[2m01:42:00[22m [36m[1m[vite][22m[39m [90m[2m(client)[22m[39m [32mhmr update [39m[2m/src/pages/WorldbooksPage.tsx, /src/index.css[22m
[2m01:42:06[22m [36m[1m[vite][22m[39m [90m[2m(client)[22m[39m [32mhmr update [39m[2m/src/pages/CardGalleryPage.tsx, /src/index.css[22m
[2m01:42:16[22m [36m[1m[vite][22m[39m [90m[2m(client)[22m[39m [32mhmr update [39m[2m/src/components/CharacterRegistryModal.tsx, /src/index.css[22m
[2m01:42:19[22m [36m[1m[vite][22m[39m [90m[2m(client)[22m[39m [32mhmr update [39m[2m/src/components/CharacterRegistryModal.tsx, /src/index.css[22m
[2m01:42:23[22m [36m[1m[vite][22m[39m [90m[2m(client)[22m[39m [32mhmr update [39m[2m/src/components/CharacterRegistryModal.tsx, /src/index.css[22m
[2m01:42:32[22m [36m[1m[vite][22m[39m [90m[2m(client)[22m[39m [32mhmr update [39m[2m/src/pages/SettingsPage.tsx, /src/index.css[22m
[2m02:01:00[22m [36m[1m[vite][22m[39m [90m[2m(client)[22m[39m [32mpage reload [39m[2mtailwind.config.js[22m
[2m02:01:06[22m [36m[1m[vite][22m[39m [90m[2m(client)[22m[39m [32mpage reload [39m[2msrc/main.tsx[22m
[2m02:01:12[22m [36m[1m[vite][22m[39m [90m[2m(client)[22m[39m [32mhmr update [39m[2m/src/index.css[22m
[2m02:01:57[22m [36m[1m[vite][22m[39m [90m[2m(client)[22m[39m [32mhmr update [39m[2m/src/pages/CardGalleryPage.tsx, /src/index.css[22m
[2m02:02:20[22m [36m[1m[vite][22m[39m [90m[2m(client)[22m[39m [32mhmr update [39m[2m/src/pages/CardGalleryPage.tsx, /src/index.css[22m
[2m02:02:46[22m [36m[1m[vite][22m[39m [90m[2m(client)[22m[39m [32mhmr update [39m[2m/src/pages/CardGalleryPage.tsx, /src/index.css[22m
[2m02:02:51[22m [36m[1m[vite][22m[39m [90m[2m(client)[22m[39m [32mhmr update [39m[2m/src/pages/CardGalleryPage.tsx, /src/index.css[22m
[2m02:03:01[22m [36m[1m[vite][22m[39m [90m[2m(client)[22m[39m [32mhmr update [39m[2m/src/pages/CardGalleryPage.tsx, /src/index.css[22m
[2m02:03:26[22m [36m[1m[vite][22m[39m [90m[2m(client)[22m[39m [32mhmr update [39m[2m/src/pages/CardGalleryPage.tsx, /src/index.css[22m
[2m02:03:34[22m [36m[1m[vite][22m[39m [90m[2m(client)[22m[39m [32mhmr update [39m[2m/src/pages/CardGalleryPage.tsx, /src/index.css[22m
[2m02:03:46[22m [36m[1m[vite][22m[39m [90m[2m(client)[22m[39m [32mhmr update [39m[2m/src/pages/ImportPage.tsx, /src/index.css[22m
[2m02:03:50[22m [36m[1m[vite][22m[39m [90m[2m(client)[22m[39m [32mhmr update [39m[2m/src/pages/ImportPage.tsx, /src/index.css[22m
[2m02:03:54[22m [36m[1m[vite][22m[39m [90m[2m(client)[22m[39m [32mhmr update [39m[2m/src/pages/ImportPage.tsx, /src/index.css[22m
[2m02:04:00[22m [36m[1m[vite][22m[39m [90m[2m(client)[22m[39m [32mhmr update [39m[2m/src/pages/ImportPage.tsx, /src/index.css[22m
[2m02:04:09[22m [36m[1m[vite][22m[39m [90m[2m(client)[22m[39m [32mhmr update [39m[2m/src/pages/ImportPage.tsx, /src/index.css[22m
[2m02:04:13[22m [36m[1m[vite][22m[39m [90m[2m(client)[22m[39m [32mhmr update [39m[2m/src/pages/ImportPage.tsx, /src/index.css[22m
[2m02:04:20[22m [36m[1m[vite][22m[39m [90m[2m(client)[22m[39m [32mhmr update [39m[2m/src/pages/ImportPage.tsx, /src/index.css[22m
[2m02:04:25[22m [36m[1m[vite][22m[39m [90m[2m(client)[22m[39m [32mhmr update [39m[2m/src/pages/ImportPage.tsx, /src/index.css[22m
[2m02:04:33[22m [36m[1m[vite][22m[39m [90m[2m(client)[22m[39m [32mhmr update [39m[2m/src/pages/ImportPage.tsx, /src/index.css[22m
[2m02:04:37[22m [36m[1m[vite][22m[39m [90m[2m(client)[22m[39m [32mhmr update [39m[2m/src/pages/ImportPage.tsx, /src/index.css[22m
[2m02:04:41[22m [36m[1m[vite][22m[39m [90m[2m(client)[22m[39m [32mhmr update [39m[2m/src/pages/SettingsPage.tsx, /src/index.css[22m
[2m02:04:45[22m [36m[1m[vite][22m[39m [90m[2m(client)[22m[39m [32mhmr update [39m[2m/src/pages/SettingsPage.tsx, /src/index.css[22m
[2m02:04:49[22m [36m[1m[vite][22m[39m [90m[2m(client)[22m[39m [32mhmr update [39m[2m/src/pages/SettingsPage.tsx, /src/index.css[22m
[2m02:04:52[22m [36m[1m[vite][22m[39m [90m[2m(client)[22m[39m [32mhmr update [39m[2m/src/pages/SettingsPage.tsx, /src/index.css[22m
[2m02:05:02[22m [36m[1m[vite][22m[39m [90m[2m(client)[22m[39m [32mhmr update [39m[2m/src/pages/SettingsPage.tsx, /src/index.css[22m
[2m02:05:05[22m [36m[1m[vite][22m[39m [90m[2m(client)[22m[39m [32mhmr update [39m[2m/src/pages/SettingsPage.tsx, /src/index.css[22m
[2m02:05:09[22m [36m[1m[vite][22m[39m [90m[2m(client)[22m[39m [32mhmr update [39m[2m/src/pages/SettingsPage.tsx, /src/index.css[22m
[2m02:05:14[22m [36m[1m[vite][22m[39m [90m[2m(client)[22m[39m [32mhmr update [39m[2m/src/pages/SettingsPage.tsx, /src/index.css[22m
[2m02:05:20[22m [36m[1m[vite][22m[39m [90m[2m(client)[22m[39m [32mhmr update [39m[2m/src/pages/SettingsPage.tsx, /src/index.css[22m
[2m02:05:44[22m [36m[1m[vite][22m[39m [90m[2m(client)[22m[39m [32mhmr update [39m[2m/src/pages/ChatPage.tsx, /src/index.css[22m
[2m02:05:50[22m [36m[1m[vite][22m[39m [90m[2m(client)[22m[39m [32mhmr update [39m[2m/src/pages/ChatPage.tsx, /src/index.css[22m
[2m02:06:02[22m [36m[1m[vite][22m[39m [90m[2m(client)[22m[39m [32mhmr update [39m[2m/src/pages/ChatPage.tsx, /src/index.css[22m
[2m02:06:07[22m [36m[1m[vite][22m[39m [90m[2m(client)[22m[39m [32mhmr update [39m[2m/src/pages/ChatPage.tsx, /src/index.css[22m
[2m02:06:11[22m [36m[1m[vite][22m[39m [90m[2m(client)[22m[39m [32mhmr update [39m[2m/src/pages/ChatPage.tsx, /src/index.css[22m
[2m02:06:19[22m [36m[1m[vite][22m[39m [90m[2m(client)[22m[39m [32mhmr update [39m[2m/src/pages/ChatPage.tsx, /src/index.css[22m
[2m02:06:35[22m [36m[1m[vite][22m[39m [90m[2m(client)[22m[39m [32mhmr update [39m[2m/src/pages/ChatPage.tsx, /src/index.css[22m
[2m02:06:39[22m [36m[1m[vite][22m[39m [90m[2m(client)[22m[39m [32mhmr update [39m[2m/src/pages/ChatPage.tsx, /src/index.css[22m
[2m02:06:43[22m [36m[1m[vite][22m[39m [90m[2m(client)[22m[39m [32mhmr update [39m[2m/src/pages/ChatPage.tsx, /src/index.css[22m
[2m02:06:59[22m [36m[1m[vite][22m[39m [90m[2m(client)[22m[39m [32mhmr update [39m[2m/src/pages/ChatPage.tsx, /src/index.css[22m
[2m02:07:04[22m [36m[1m[vite][22m[39m [90m[2m(client)[22m[39m [32mhmr update [39m[2m/src/pages/ChatPage.tsx, /src/index.css[22m
[2m02:07:08[22m [36m[1m[vite][22m[39m [90m[2m(client)[22m[39m [32mhmr update [39m[2m/src/pages/ChatPage.tsx, /src/index.css[22m
[2m02:07:15[22m [36m[1m[vite][22m[39m [90m[2m(client)[22m[39m [32mhmr update [39m[2m/src/pages/ChatPage.tsx, /src/index.css[22m
[2m02:07:20[22m [36m[1m[vite][22m[39m [90m[2m(client)[22m[39m [32mhmr update [39m[2m/src/pages/ChatPage.tsx, /src/index.css[22m
[2m02:07:27[22m [36m[1m[vite][22m[39m [90m[2m(client)[22m[39m [32mhmr update [39m[2m/src/pages/ChatPage.tsx, /src/index.css[22m
[2m02:07:36[22m [36m[1m[vite][22m[39m [90m[2m(client)[22m[39m [32mhmr update [39m[2m/src/pages/ChatPage.tsx, /src/index.css[22m
[2m02:07:43[22m [36m[1m[vite][22m[39m [90m[2m(client)[22m[39m [32mhmr update [39m[2m/src/pages/ChatPage.tsx, /src/index.css[22m
[2m02:07:48[22m [36m[1m[vite][22m[39m [90m[2m(client)[22m[39m [32mhmr update [39m[2m/src/pages/ChatPage.tsx, /src/index.css[22m
[2m02:07:55[22m [36m[1m[vite][22m[39m [90m[2m(client)[22m[39m [32mhmr update [39m[2m/src/pages/CardDetailPage.tsx, /src/index.css[22m
[2m02:07:59[22m [36m[1m[vite][22m[39m [90m[2m(client)[22m[39m [32mhmr update [39m[2m/src/pages/CardDetailPage.tsx, /src/index.css[22m
[2m02:08:05[22m [36m[1m[vite][22m[39m [90m[2m(client)[22m[39m [32mhmr update [39m[2m/src/pages/CardDetailPage.tsx, /src/index.css[22m
[2m02:08:09[22m [36m[1m[vite][22m[39m [90m[2m(client)[22m[39m [32mhmr update [39m[2m/src/pages/CardDetailPage.tsx, /src/index.css[22m
[2m02:08:13[22m [36m[1m[vite][22m[39m [90m[2m(client)[22m[39m [32mhmr update [39m[2m/src/pages/CardDetailPage.tsx, /src/index.css[22m
[2m02:08:23[22m [36m[1m[vite][22m[39m [90m[2m(client)[22m[39m [32mhmr update [39m[2m/src/pages/CardDetailPage.tsx, /src/index.css[22m
[2m02:08:27[22m [36m[1m[vite][22m[39m [90m[2m(client)[22m[39m [32mhmr update [39m[2m/src/pages/CardDetailPage.tsx, /src/index.css[22m
[2m02:08:30[22m [36m[1m[vite][22m[39m [90m[2m(client)[22m[39m [32mhmr update [39m[2m/src/pages/CardDetailPage.tsx, /src/index.css[22m
[2m02:08:38[22m [36m[1m[vite][22m[39m [90m[2m(client)[22m[39m [32mhmr update [39m[2m/src/pages/CardDetailPage.tsx, /src/index.css[22m
[2m02:08:43[22m [36m[1m[vite][22m[39m [90m[2m(client)[22m[39m [32mhmr update [39m[2m/src/pages/CardDetailPage.tsx, /src/index.css[22m
[2m02:08:51[22m [36m[1m[vite][22m[39m [90m[2m(client)[22m[39m [32mhmr update [39m[2m/src/pages/CardDetailPage.tsx, /src/index.css[22m
[2m02:08:59[22m [36m[1m[vite][22m[39m [90m[2m(client)[22m[39m [32mhmr update [39m[2m/src/pages/PresetsPage.tsx, /src/index.css[22m
[2m02:09:03[22m [36m[1m[vite][22m[39m [90m[2m(client)[22m[39m [32mhmr update [39m[2m/src/pages/PresetsPage.tsx, /src/index.css[22m
[2m02:09:17[22m [36m[1m[vite][22m[39m [90m[2m(client)[22m[39m [32mhmr update [39m[2m/src/pages/PresetsPage.tsx, /src/index.css[22m
[2m02:09:21[22m [36m[1m[vite][22m[39m [90m[2m(client)[22m[39m [32mhmr update [39m[2m/src/pages/PresetsPage.tsx, /src/index.css[22m
[2m02:09:25[22m [36m[1m[vite][22m[39m [90m[2m(client)[22m[39m [32mhmr update [39m[2m/src/pages/PresetsPage.tsx, /src/index.css[22m
[2m02:09:29[22m [36m[1m[vite][22m[39m [90m[2m(client)[22m[39m [32mhmr update [39m[2m/src/pages/PresetsPage.tsx, /src/index.css[22m
[2m02:09:38[22m [36m[1m[vite][22m[39m [90m[2m(client)[22m[39m [32mhmr update [39m[2m/src/pages/PresetsPage.tsx, /src/index.css[22m
[2m02:09:42[22m [36m[1m[vite][22m[39m [90m[2m(client)[22m[39m [32mhmr update [39m[2m/src/pages/PresetsPage.tsx, /src/index.css[22m
[2m02:09:46[22m [36m[1m[vite][22m[39m [90m[2m(client)[22m[39m [32mhmr update [39m[2m/src/pages/PresetsPage.tsx, /src/index.css[22m
[2m02:09:52[22m [36m[1m[vite][22m[39m [90m[2m(client)[22m[39m [32mhmr update [39m[2m/src/pages/PresetsPage.tsx, /src/index.css[22m
[2m02:09:56[22m [36m[1m[vite][22m[39m [90m[2m(client)[22m[39m [32mhmr update [39m[2m/src/pages/PresetsPage.tsx, /src/index.css[22m
[2m02:10:08[22m [36m[1m[vite][22m[39m [90m[2m(client)[22m[39m [32mhmr update [39m[2m/src/pages/PresetsPage.tsx, /src/index.css[22m
[2m02:10:15[22m [36m[1m[vite][22m[39m [90m[2m(client)[22m[39m [32mhmr update [39m[2m/src/pages/WorldbooksPage.tsx, /src/index.css[22m
[2m02:10:19[22m [36m[1m[vite][22m[39m [90m[2m(client)[22m[39m [32mhmr update [39m[2m/src/pages/WorldbooksPage.tsx, /src/index.css[22m
[2m02:10:23[22m [36m[1m[vite][22m[39m [90m[2m(client)[22m[39m [32mhmr update [39m[2m/src/pages/WorldbooksPage.tsx, /src/index.css[22m
[2m02:10:27[22m [36m[1m[vite][22m[39m [90m[2m(client)[22m[39m [32mhmr update [39m[2m/src/pages/WorldbooksPage.tsx, /src/index.css[22m
[2m02:10:31[22m [36m[1m[vite][22m[39m [90m[2m(client)[22m[39m [32mhmr update [39m[2m/src/pages/WorldbooksPage.tsx, /src/index.css[22m
[2m02:10:41[22m [36m[1m[vite][22m[39m [90m[2m(client)[22m[39m [32mhmr update [39m[2m/src/pages/WorldbooksPage.tsx, /src/index.css[22m
[2m02:10:45[22m [36m[1m[vite][22m[39m [90m[2m(client)[22m[39m [32mhmr update [39m[2m/src/pages/WorldbooksPage.tsx, /src/index.css[22m
[2m02:10:53[22m [36m[1m[vite][22m[39m [90m[2m(client)[22m[39m [32mhmr update [39m[2m/src/pages/WorldbooksPage.tsx, /src/index.css[22m
[2m02:10:57[22m [36m[1m[vite][22m[39m [90m[2m(client)[22m[39m [32mhmr update [39m[2m/src/pages/WorldbooksPage.tsx, /src/index.css[22m
[2m02:11:02[22m [36m[1m[vite][22m[39m [90m[2m(client)[22m[39m [32mhmr update [39m[2m/src/pages/WorldbooksPage.tsx, /src/index.css[22m
[2m02:11:06[22m [36m[1m[vite][22m[39m [90m[2m(client)[22m[39m [32mhmr update [39m[2m/src/pages/WorldbooksPage.tsx, /src/index.css[22m
[2m02:11:10[22m [36m[1m[vite][22m[39m [90m[2m(client)[22m[39m [32mhmr update [39m[2m/src/pages/WorldbooksPage.tsx, /src/index.css[22m
[2m02:11:20[22m [36m[1m[vite][22m[39m [90m[2m(client)[22m[39m [32mhmr update [39m[2m/src/pages/WorldbooksPage.tsx, /src/index.css[22m
[2m02:11:30[22m [36m[1m[vite][22m[39m [90m[2m(client)[22m[39m [32mhmr update [39m[2m/src/components/MemoryPanel.tsx, /src/index.css[22m
[2m02:11:35[22m [36m[1m[vite][22m[39m [90m[2m(client)[22m[39m [32mhmr update [39m[2m/src/components/MemoryPanel.tsx, /src/index.css[22m
[2m02:11:39[22m [36m[1m[vite][22m[39m [90m[2m(client)[22m[39m [32mhmr update [39m[2m/src/components/MemoryPanel.tsx, /src/index.css[22m
[2m02:11:44[22m [36m[1m[vite][22m[39m [90m[2m(client)[22m[39m [32mhmr update [39m[2m/src/components/MemoryPanel.tsx, /src/index.css[22m
[2m02:11:49[22m [36m[1m[vite][22m[39m [90m[2m(client)[22m[39m [32mhmr update [39m[2m/src/components/MemoryPanel.tsx, /src/index.css[22m
[2m02:11:53[22m [36m[1m[vite][22m[39m [90m[2m(client)[22m[39m [32mhmr update [39m[2m/src/components/MemoryPanel.tsx, /src/index.css[22m
[2m02:11:57[22m [36m[1m[vite][22m[39m [90m[2m(client)[22m[39m [32mhmr update [39m[2m/src/components/MemoryPanel.tsx, /src/index.css[22m
[2m02:12:08[22m [36m[1m[vite][22m[39m [90m[2m(client)[22m[39m [32mhmr update [39m[2m/src/components/CharacterRegistryModal.tsx, /src/index.css[22m
[2m02:12:12[22m [36m[1m[vite][22m[39m [90m[2m(client)[22m[39m [32mhmr update [39m[2m/src/components/CharacterRegistryModal.tsx, /src/index.css[22m
[2m02:12:16[22m [36m[1m[vite][22m[39m [90m[2m(client)[22m[39m [32mhmr update [39m[2m/src/components/CharacterRegistryModal.tsx, /src/index.css[22m
[2m02:12:20[22m [36m[1m[vite][22m[39m [90m[2m(client)[22m[39m [32mhmr update [39m[2m/src/components/CharacterRegistryModal.tsx, /src/index.css[22m
[2m02:12:24[22m [36m[1m[vite][22m[39m [90m[2m(client)[22m[39m [32mhmr update [39m[2m/src/components/CharacterRegistryModal.tsx, /src/index.css[22m
[2m02:12:28[22m [36m[1m[vite][22m[39m [90m[2m(client)[22m[39m [32mhmr update [39m[2m/src/components/CharacterRegistryModal.tsx, /src/index.css[22m
[2m02:12:32[22m [36m[1m[vite][22m[39m [90m[2m(client)[22m[39m [32mhmr update [39m[2m/src/components/CharacterRegistryModal.tsx, /src/index.css[22m
[2m02:12:37[22m [36m[1m[vite][22m[39m [90m[2m(client)[22m[39m [32mhmr update [39m[2m/src/components/CharacterRegistryModal.tsx, /src/index.css[22m
[2m02:12:41[22m [36m[1m[vite][22m[39m [90m[2m(client)[22m[39m [32mhmr update [39m[2m/src/components/CharacterRegistryModal.tsx, /src/index.css[22m
[2m02:12:45[22m [36m[1m[vite][22m[39m [90m[2m(client)[22m[39m [32mhmr update [39m[2m/src/components/CharacterRegistryModal.tsx, /src/index.css[22m
[2m02:12:57[22m [36m[1m[vite][22m[39m [90m[2m(client)[22m[39m [32mhmr update [39m[2m/src/components/CharacterRegistryModal.tsx, /src/index.css[22m
[2m02:13:02[22m [36m[1m[vite][22m[39m [90m[2m(client)[22m[39m [32mhmr update [39m[2m/src/components/CharacterRegistryModal.tsx, /src/index.css[22m
[2m02:13:07[22m [36m[1m[vite][22m[39m [90m[2m(client)[22m[39m [32mhmr update [39m[2m/src/components/CharacterRegistryModal.tsx, /src/index.css[22m
[2m02:13:12[22m [36m[1m[vite][22m[39m [90m[2m(client)[22m[39m [32mhmr update [39m[2m/src/components/CharacterRegistryModal.tsx, /src/index.css[22m
[2m02:13:18[22m [36m[1m[vite][22m[39m [90m[2m(client)[22m[39m [32mhmr update [39m[2m/src/components/CharacterRegistryModal.tsx, /src/index.css[22m
[2m02:13:30[22m [36m[1m[vite][22m[39m [90m[2m(client)[22m[39m [32mpage reload [39m[2msrc/components/CharacterRegistryPanel.tsx[22m
[2m02:13:34[22m [36m[1m[vite][22m[39m [90m[2m(client)[22m[39m [32mpage reload [39m[2msrc/components/CharacterRegistryPanel.tsx[22m
[2m02:13:39[22m [36m[1m[vite][22m[39m [90m[2m(client)[22m[39m [32mpage reload [39m[2msrc/components/CharacterRegistryPanel.tsx[22m
[2m02:13:42[22m [36m[1m[vite][22m[39m [90m[2m(client)[22m[39m [32mpage reload [39m[2msrc/components/CharacterRegistryPanel.tsx[22m
[2m02:13:48[22m [36m[1m[vite][22m[39m [90m[2m(client)[22m[39m [32mpage reload [39m[2msrc/components/CharacterRegistryPanel.tsx[22m
[2m02:13:52[22m [36m[1m[vite][22m[39m [90m[2m(client)[22m[39m [32mpage reload [39m[2msrc/components/CharacterRegistryPanel.tsx[22m
[2m02:13:56[22m [36m[1m[vite][22m[39m [90m[2m(client)[22m[39m [32mpage reload [39m[2msrc/components/CharacterRegistryPanel.tsx[22m
[2m02:14:00[22m [36m[1m[vite][22m[39m [90m[2m(client)[22m[39m [32mpage reload [39m[2msrc/components/CharacterRegistryPanel.tsx[22m
[2m02:14:04[22m [36m[1m[vite][22m[39m [90m[2m(client)[22m[39m [32mpage reload [39m[2msrc/components/CharacterRegistryPanel.tsx[22m
[2m02:14:10[22m [36m[1m[vite][22m[39m [90m[2m(client)[22m[39m [32mpage reload [39m[2msrc/components/CharacterRegistryPanel.tsx[22m
[2m02:14:25[22m [36m[1m[vite][22m[39m [90m[2m(client)[22m[39m [32mhmr update [39m[2m/src/App.tsx, /src/index.css[22m
[2m02:14:29[22m [36m[1m[vite][22m[39m [90m[2m(client)[22m[39m [32mhmr update [39m[2m/src/App.tsx, /src/index.css[22m
[2m09:34:19[22m [36m[1m[vite][22m[39m [90m[2m(client)[22m[39m [32mpage reload [39m[2msrc/types/index.ts[22m
[2m09:34:23[22m [36m[1m[vite][22m[39m [90m[2m(client)[22m[39m [32mpage reload [39m[2msrc/types/index.ts[22m
[2m09:34:55[22m [36m[1m[vite][22m[39m [90m[2m(client)[22m[39m [32mhmr update [39m[2m/src/pages/CardDetailPage.tsx, /src/index.css[22m
[2m09:35:00[22m [36m[1m[vite][22m[39m [90m[2m(client)[22m[39m [32mhmr update [39m[2m/src/pages/CardDetailPage.tsx, /src/index.css[22m
[2m09:35:04[22m [36m[1m[vite][22m[39m [90m[2m(client)[22m[39m [32mhmr update [39m[2m/src/pages/CardDetailPage.tsx, /src/index.css[22m
[2m09:35:10[22m [36m[1m[vite][22m[39m [90m[2m(client)[22m[39m [32mhmr update [39m[2m/src/pages/CardDetailPage.tsx, /src/index.css[22m
[2m09:35:18[22m [36m[1m[vite][22m[39m [90m[2m(client)[22m[39m [32mhmr update [39m[2m/src/pages/CardDetailPage.tsx, /src/index.css[22m
[2m09:35:26[22m [36m[1m[vite][22m[39m [90m[2m(client)[22m[39m [32mhmr update [39m[2m/src/pages/CardDetailPage.tsx, /src/index.css[22m
[2m09:35:43[22m [36m[1m[vite][22m[39m [90m[2m(client)[22m[39m [32mhmr update [39m[2m/src/pages/CardGalleryPage.tsx, /src/index.css[22m
[2m09:35:54[22m [36m[1m[vite][22m[39m [90m[2m(client)[22m[39m [32mhmr update [39m[2m/src/pages/CardGalleryPage.tsx, /src/index.css[22m
[2m09:35:58[22m [36m[1m[vite][22m[39m [90m[2m(client)[22m[39m [32mhmr update [39m[2m/src/pages/ChatPage.tsx, /src/index.css[22m
[2m09:36:03[22m [36m[1m[vite][22m[39m [90m[2m(client)[22m[39m [32mhmr update [39m[2m/src/pages/ChatPage.tsx, /src/index.css[22m
[2m10:09:06[22m [36m[1m[vite][22m[39m [90m[2m(client)[22m[39m [32mhmr update [39m[2m/src/pages/CardGalleryPage.tsx, /src/index.css[22m
[2m10:10:37[22m [36m[1m[vite][22m[39m [90m[2m(client)[22m[39m [32mhmr update [39m[2m/src/pages/CardDetailPage.tsx, /src/index.css[22m
[2m12:25:53[22m [36m[1m[vite][22m[39m [90m[2m(client)[22m[39m [32mhmr update [39m[2m/src/pages/CardGalleryPage.tsx, /src/index.css[22m
[2m12:26:01[22m [36m[1m[vite][22m[39m [90m[2m(client)[22m[39m [32mhmr update [39m[2m/src/pages/ChatPage.tsx, /src/index.css[22m
[2m16:24:29[22m [36m[1m[vite][22m[39m [90m[2m(client)[22m[39m [32mhmr update [39m[2m/src/index.css, /src/pages/CardGalleryPage.tsx, /src/pages/WorldbooksPage.tsx, /src/pages/PresetsPage.tsx, /src/pages/CardDetailPage.tsx, /src/pages/ChatPage.tsx, /src/components/MemoryPanel.tsx, /src/components/CharacterRegistryModal.tsx[22m
[2m16:28:07[22m [36m[1m[vite][22m[39m [90m[2m(client)[22m[39m [32mhmr update [39m[2m/src/App.tsx, /src/index.css[22m
[2m16:28:18[22m [36m[1m[vite][22m[39m [90m[2m(client)[22m[39m [32mhmr update [39m[2m/src/App.tsx, /src/index.css[22m
[2m16:55:04[22m [36m[1m[vite][22m[39m [90m[2m(client)[22m[39m [32mhmr update [39m[2m/src/App.tsx, /src/index.css[22m
[2m16:55:41[22m [36m[1m[vite][22m[39m [90m[2m(client)[22m[39m [32mhmr update [39m[2m/src/pages/CardGalleryPage.tsx, /src/index.css[22m
[2m16:56:26[22m [36m[1m[vite][22m[39m [90m[2m(client)[22m[39m [32mhmr update [39m[2m/src/pages/ChatPage.tsx, /src/index.css[22m
[2m16:56:27[22m [36m[1m[vite][22m[39m [90m[2m(client)[22m[39m [32mhmr update [39m[2m/src/pages/CardDetailPage.tsx, /src/index.css[22m
[2m16:56:44[22m [36m[1m[vite][22m[39m [90m[2m(client)[22m[39m [32mhmr update [39m[2m/src/pages/CardDetailPage.tsx, /src/index.css[22m
[2m17:02:45[22m [36m[1m[vite][22m[39m [90m[2m(client)[22m[39m [32mhmr update [39m[2m/src/index.css, /src/pages/CardGalleryPage.tsx, /src/pages/WorldbooksPage.tsx, /src/pages/PresetsPage.tsx, /src/pages/CardDetailPage.tsx, /src/pages/ChatPage.tsx, /src/components/MemoryPanel.tsx, /src/components/CharacterRegistryModal.tsx[22m
[2m17:03:11[22m [36m[1m[vite][22m[39m [90m[2m(client)[22m[39m [32mhmr update [39m[2m/src/pages/CardDetailPage.tsx, /src/index.css[22m
[2m17:03:33[22m [36m[1m[vite][22m[39m [90m[2m(client)[22m[39m [32mhmr update [39m[2m/src/pages/CardDetailPage.tsx, /src/index.css[22m
[2m17:03:45[22m [36m[1m[vite][22m[39m [90m[2m(client)[22m[39m [32mhmr update [39m[2m/src/pages/CardDetailPage.tsx, /src/index.css[22m
[2m19:18:52[22m [36m[1m[vite][22m[39m [90m[2m(client)[22m[39m [32mhmr update [39m[2m/src/index.css, /src/pages/CardGalleryPage.tsx, /src/pages/WorldbooksPage.tsx, /src/pages/PresetsPage.tsx, /src/pages/CardDetailPage.tsx, /src/pages/ChatPage.tsx, /src/components/MemoryPanel.tsx, /src/components/CharacterRegistryModal.tsx[22m
[2m19:18:53[22m [36m[1m[vite][22m[39m [90m[2m(client)[22m[39m [32mhmr update [39m[2m/src/App.tsx, /src/index.css[22m
[2m19:19:11[22m [36m[1m[vite][22m[39m [90m[2m(client)[22m[39m [32mhmr update [39m[2m/src/App.tsx, /src/index.css[22m
[2m21:34:23[22m [36m[1m[vite][22m[39m [90m[2m(client)[22m[39m [32mhmr update [39m[2m/src/index.css, /src/pages/CardGalleryPage.tsx, /src/pages/WorldbooksPage.tsx, /src/pages/PresetsPage.tsx, /src/pages/CardDetailPage.tsx, /src/pages/ChatPage.tsx, /src/components/MemoryPanel.tsx, /src/components/CharacterRegistryModal.tsx[22m
